\BOOKMARK [0][-]{part.1}{\376\377\000I\000\040\000S\000e\000s\000s\000i\000o\000n\000\040\0002}{}% 1
\BOOKMARK [1][-]{section.1}{\376\377\000b\000u\000e\000n\000o\000d\000e\000m\000e\000s\000q\000u\000i\000t\000a\000P\000r\000i\000n\000c\000i\000p\000l\000e\000s\000I\000n\000t\000e\000r\000n\000a\000t\000i\000o\000n\000a\000l\000P\000o\000l\000i\000t\000i\000c\000s\0002\0000\0001\0003\000\040\000C\000h\000a\000p\000t\000e\000r\000\040\0005}{part.1}% 2
\BOOKMARK [2][-]{subsection.1.1}{\376\377\000W\000a\000r\000\040\000a\000n\000d\000\040\000U\000n\000c\000e\000r\000t\000a\000i\000n\000t\000y}{section.1}% 3
\BOOKMARK [2][-]{subsection.1.2}{\376\377\000R\000e\000a\000l\000i\000s\000t\000\040\000T\000h\000e\000o\000r\000y}{section.1}% 4
\BOOKMARK [1][-]{section.2}{\376\377\000H\000o\000w\000\040\000W\000e\000l\000l\000\040\000D\000o\000e\000s\000\040\000N\000e\000o\000r\000e\000a\000l\000i\000s\000m\000\040\000D\000o\000\040\000i\000n\000\040\000E\000x\000p\000l\000a\000i\000n\000i\000n\000g\000\040\000W\000a\000r\000\040\000a\000n\000d\000\040\000I\000n\000s\000t\000a\000b\000i\000l\000i\000t\000y\000?\000\040\000B\000i\000p\000o\000l\000a\000r\000\040\000v\000s\000.\000\040\000M\000u\000l\000t\000i\000p\000o\000l\000a\000r\000\040\000S\000y\000s\000t\000e\000m\000s}{part.1}% 5
\BOOKMARK [2][-]{subsection.2.1}{\376\377\000B\000i\000p\000o\000l\000a\000r\000i\000t\000y\000\040\000a\000n\000d\000\040\000S\000t\000a\000b\000i\000l\000i\000t\000y}{section.2}% 6
\BOOKMARK [2][-]{subsection.2.2}{\376\377\000H\000i\000s\000t\000o\000r\000y\000\040\000a\000n\000d\000\040\000N\000e\000o\000r\000e\000a\000l\000i\000s\000t\000\040\000E\000m\000p\000i\000r\000i\000c\000a\000l\000\040\000C\000l\000a\000i\000m\000s}{section.2}% 7
\BOOKMARK [1][-]{section.3}{\376\377\000T\000h\000e\000\040\000P\000o\000w\000e\000r\000\040\000T\000r\000a\000n\000s\000i\000t\000i\000o\000n}{part.1}% 8
\BOOKMARK [2][-]{subsection.3.1}{\376\377\000D\000i\000s\000s\000a\000t\000i\000s\000f\000a\000c\000t\000i\000o\000n\000,\000\040\000t\000h\000e\000\040\000S\000t\000a\000t\000u\000s\000\040\000Q\000u\000o\000,\000\040\000a\000n\000d\000\040\000W\000a\000r}{section.3}% 9
\BOOKMARK [1][-]{section.4}{\376\377\000l\000e\000v\000y\000C\000A\000U\000S\000E\000S\000W\000A\000R\000C\000O\000N\000D\000I\000T\000I\000O\000N\000S}{part.1}% 10
\BOOKMARK [2][-]{subsection.4.1}{\376\377\000T\000h\000e\000\040\000L\000e\000v\000e\000l\000s\000-\000o\000f\000-\000A\000n\000a\000l\000y\000s\000i\000s\000\040\000F\000r\000a\000m\000e\000w\000o\000r\000k}{section.4}% 11
\BOOKMARK [2][-]{subsection.4.2}{\376\377\000S\000y\000s\000t\000e\000m\000i\000c\000-\000L\000e\000v\000e\000l\000\040\000T\000h\000e\000o\000r\000i\000e\000s}{section.4}% 12
\BOOKMARK [2][-]{subsection.4.3}{\376\377\000S\000o\000c\000i\000a\000l\000-\000L\000e\000v\000e\000l\000\040\000T\000h\000e\000o\000r\000i\000e\000s}{section.4}% 13
\BOOKMARK [2][-]{subsection.4.4}{\376\377\000I\000n\000d\000i\000v\000i\000d\000u\000a\000l\000-\000L\000e\000v\000e\000l\000\040\000T\000h\000e\000o\000r\000i\000e\000s}{section.4}% 14
\BOOKMARK [2][-]{subsection.4.5}{\376\377\000G\000e\000n\000e\000r\000a\000l\000\040\000T\000r\000e\000n\000d\000s}{section.4}% 15
\BOOKMARK [1][-]{section.5}{\376\377\000O\000n\000e\000\040\000W\000o\000r\000l\000d\000\040\000R\000i\000v\000a\000l\000\040\000T\000h\000e\000o\000r\000i\000e\000s}{part.1}% 16
\BOOKMARK [2][-]{subsection.5.1}{\376\377\000T\000h\000e\000\040\000D\000i\000v\000i\000d\000e\000d\000\040\000H\000o\000u\000s\000e\000\040\000o\000f\000\040\000L\000i\000b\000e\000r\000a\000l\000i\000s\000m}{section.5}% 17
\BOOKMARK [2][-]{subsection.5.2}{\376\377\000I\000d\000e\000a\000l\000i\000s\000m}{section.5}% 18
\BOOKMARK [1][-]{section.6}{\376\377\000W\000h\000y\000\040\000"\000i\000s\000m\000s\000"\000\040\000A\000r\000e\000\040\000E\000v\000i\000l\000\040\000D\000a\000v\000i\000d\000\040\000L\000a\000k\000e}{part.1}% 19
\BOOKMARK [2][-]{subsection.6.1}{\376\377\000C\000e\000n\000t\000r\000a\000l\000\040\000A\000r\000g\000u\000m\000e\000n\000t\000\040\000a\000n\000d\000\040\000P\000u\000r\000p\000o\000s\000e}{section.6}% 20
\BOOKMARK [2][-]{subsection.6.2}{\376\377\000T\000h\000e\000o\000r\000y\000:\000\040\000H\000o\000w\000\040\000R\000e\000s\000e\000a\000r\000c\000h\000\040\000T\000r\000a\000d\000i\000t\000i\000o\000n\000s\000\040\000B\000e\000c\000o\000m\000e\000\040\000A\000c\000a\000d\000e\000m\000i\000c\000\040\000S\000e\000c\000t\000s}{section.6}% 21
\BOOKMARK [2][-]{subsection.6.3}{\376\377\000T\000h\000e\000\040\000f\000i\000r\000s\000t\000\040\000p\000a\000t\000h\000o\000l\000o\000g\000y\000:\000\040\000r\000e\000i\000f\000y\000i\000n\000g\000\040\000r\000e\000s\000e\000a\000r\000c\000h\000\040\000t\000r\000a\000d\000i\000t\000i\000o\000n\000s}{section.6}% 22
\BOOKMARK [2][-]{subsection.6.4}{\376\377\000T\000h\000e\000\040\000s\000e\000c\000o\000n\000d\000\040\000p\000a\000t\000h\000o\000l\000o\000g\000y\000:\000\040\000r\000e\000i\000f\000i\000c\000a\000t\000i\000o\000n\000\040\000o\000f\000\040\000c\000a\000n\000o\000n\000i\000c\000a\000l\000\040\000w\000o\000r\000k\000s\000\040\000a\000n\000d\000\040\000r\000e\000w\000a\000r\000d\000i\000n\000g\000\040\000e\000x\000t\000r\000e\000m\000i\000s\000m}{section.6}% 23
\BOOKMARK [2][-]{subsection.6.5}{\376\377\000T\000h\000e\000\040\000t\000h\000i\000r\000d\000\040\000p\000a\000t\000h\000o\000l\000o\000g\000y\000:\000\040\000c\000o\000n\000f\000u\000s\000i\000n\000g\000\040\000t\000r\000a\000d\000i\000t\000i\000o\000n\000s\000\040\000w\000i\000t\000h\000\040\000t\000h\000e\000o\000r\000i\000e\000s}{section.6}% 24
\BOOKMARK [2][-]{subsection.6.6}{\376\377\000T\000h\000e\000\040\000f\000o\000u\000r\000t\000h\000\040\000p\000a\000t\000h\000o\000l\000o\000g\000y\000:\000\040\000s\000e\000l\000e\000c\000t\000i\000v\000e\000\040\000e\000m\000p\000i\000r\000i\000c\000a\000l\000\040\000f\000o\000c\000u\000s}{section.6}% 25
\BOOKMARK [2][-]{subsection.6.7}{\376\377\000T\000h\000e\000\040\000f\000i\000f\000t\000h\000\040\000p\000a\000t\000h\000o\000l\000o\000g\000y\000:\000\040\000t\000h\000e\000\040\000s\000e\000a\000r\000c\000h\000\040\000f\000o\000r\000\040\000i\000n\000t\000e\000l\000l\000e\000c\000t\000u\000a\000l\000\040\000h\000e\000g\000e\000m\000o\000n\000y}{section.6}% 26
\BOOKMARK [2][-]{subsection.6.8}{\376\377\000L\000a\000k\000e\000'\000s\000\040\000A\000l\000t\000e\000r\000n\000a\000t\000i\000v\000e\000:\000\040\000P\000r\000o\000b\000l\000e\000m\000s\000,\000\040\000P\000a\000r\000t\000i\000a\000l\000\040\000T\000h\000e\000o\000r\000i\000e\000s\000,\000\040\000a\000n\000d\000\040\000a\000\040\000C\000o\000m\000m\000o\000n\000\040\000L\000e\000x\000i\000c\000o\000n}{section.6}% 27
\BOOKMARK [2][-]{subsection.6.9}{\376\377\000I\000n\000t\000e\000r\000e\000s\000t\000s\000,\000\040\000i\000n\000t\000e\000r\000a\000c\000t\000i\000o\000n\000s\000,\000\040\000a\000n\000d\000\040\000i\000n\000s\000t\000i\000t\000u\000t\000i\000o\000n\000s}{section.6}% 28
\BOOKMARK [2][-]{subsection.6.10}{\376\377\000E\000p\000i\000s\000t\000e\000m\000o\000l\000o\000g\000y\000:\000\040\000T\000h\000e\000\040\000E\000n\000d\000u\000r\000i\000n\000g\000\040\000D\000i\000v\000i\000d\000e}{section.6}% 29
\BOOKMARK [2][-]{subsection.6.11}{\376\377\000T\000h\000e\000\040\000n\000o\000m\000o\000l\000o\000g\000i\000c\000a\000l\000\040\000a\000p\000p\000r\000o\000a\000c\000h}{section.6}% 30
\BOOKMARK [2][-]{subsection.6.12}{\376\377\000T\000h\000e\000\040\000n\000a\000r\000r\000a\000t\000i\000v\000e\000\040\000a\000p\000p\000r\000o\000a\000c\000h}{section.6}% 31
\BOOKMARK [2][-]{subsection.6.13}{\376\377\000E\000p\000i\000s\000t\000e\000m\000o\000l\000o\000g\000i\000c\000a\000l\000\040\000S\000e\000c\000t\000a\000r\000i\000a\000n\000i\000s\000m\000\040\000a\000n\000d\000\040\000L\000a\000k\000e\000'\000s\000\040\000R\000e\000c\000o\000m\000m\000e\000n\000d\000a\000t\000i\000o\000n\000s}{section.6}% 32
\BOOKMARK [2][-]{subsection.6.14}{\376\377\000C\000o\000n\000c\000l\000u\000s\000i\000o\000n}{section.6}% 33
\BOOKMARK [1][-]{section.7}{\376\377\000C\000h\000a\000l\000l\000e\000n\000g\000e\000s\000\040\000t\000o\000\040\000t\000h\000e\000\040\000L\000i\000b\000e\000r\000a\000l\000\040\000O\000r\000d\000e\000r\000:\000\040\000S\000u\000m\000m\000a\000r\000y}{part.1}% 34
\BOOKMARK [2][-]{subsection.7.1}{\376\377\000I\000n\000t\000r\000o\000d\000u\000c\000t\000i\000o\000n\000\040\000a\000n\000d\000\040\000C\000e\000n\000t\000r\000a\000l\000\040\000A\000r\000g\000u\000m\000e\000n\000t}{section.7}% 35
\BOOKMARK [2][-]{subsection.7.2}{\376\377\000O\000r\000d\000e\000r}{section.7}% 36
\BOOKMARK [2][-]{subsection.7.3}{\376\377\000I\000n\000t\000e\000r\000n\000a\000t\000i\000o\000n\000a\000l\000\040\000a\000n\000d\000\040\000t\000h\000e\000\040\000W\000e\000s\000t\000p\000h\000a\000l\000i\000a\000n\000\040\000O\000r\000d\000e\000r}{section.7}% 37
\BOOKMARK [2][-]{subsection.7.4}{\376\377\000L\000i\000b\000e\000r\000a\000l\000:\000\040\000P\000o\000l\000i\000t\000i\000c\000a\000l\000\040\000L\000i\000b\000e\000r\000a\000l\000i\000s\000m}{section.7}% 38
\BOOKMARK [2][-]{subsection.7.5}{\376\377\000E\000c\000o\000n\000o\000m\000i\000c\000\040\000L\000i\000b\000e\000r\000a\000l\000i\000s\000m\000\040\000a\000n\000d\000\040\000E\000m\000b\000e\000d\000d\000e\000d\000\040\000L\000i\000b\000e\000r\000a\000l\000i\000s\000m}{section.7}% 39
\BOOKMARK [2][-]{subsection.7.6}{\376\377\000L\000i\000b\000e\000r\000a\000l\000\040\000I\000n\000t\000e\000r\000n\000a\000t\000i\000o\000n\000a\000l\000i\000s\000m}{section.7}% 40
\BOOKMARK [2][-]{subsection.7.7}{\376\377\000U\000n\000i\000v\000e\000r\000s\000a\000l\000i\000s\000m\000\040\000a\000n\000d\000\040\000S\000e\000l\000e\000c\000t\000i\000v\000e\000\040\000P\000a\000r\000t\000i\000c\000i\000p\000a\000t\000i\000o\000n}{section.7}% 41
\BOOKMARK [2][-]{subsection.7.8}{\376\377\000C\000h\000a\000l\000l\000e\000n\000g\000e\000s\000\040\000f\000r\000o\000m\000\040\000W\000i\000t\000h\000i\000n\000\040\000t\000h\000e\000\040\000L\000i\000b\000e\000r\000a\000l\000\040\000C\000o\000r\000e}{section.7}% 42
\BOOKMARK [2][-]{subsection.7.9}{\376\377\000N\000a\000t\000i\000o\000n\000a\000l\000i\000s\000t\000\040\000P\000o\000p\000u\000l\000i\000s\000m\000\040\000a\000n\000d\000\040\000P\000o\000l\000i\000t\000i\000c\000a\000l\000\040\000R\000e\000a\000l\000i\000g\000n\000m\000e\000n\000t}{section.7}% 43
\BOOKMARK [2][-]{subsection.7.10}{\376\377\000E\000x\000t\000e\000r\000n\000a\000l\000\040\000C\000h\000a\000l\000l\000e\000n\000g\000e\000r\000s}{section.7}% 44
\BOOKMARK [2][-]{subsection.7.11}{\376\377\000T\000h\000e\000\040\000E\000r\000o\000s\000i\000o\000n\000\040\000o\000f\000\040\000M\000u\000l\000t\000i\000l\000a\000t\000e\000r\000a\000l\000\040\000I\000n\000s\000t\000i\000t\000u\000t\000i\000o\000n\000s}{section.7}% 45
\BOOKMARK [2][-]{subsection.7.12}{\376\377\000S\000o\000u\000r\000c\000e\000s\000\040\000o\000f\000\040\000R\000e\000s\000i\000l\000i\000e\000n\000c\000e}{section.7}% 46
\BOOKMARK [2][-]{subsection.7.13}{\376\377\000F\000o\000u\000r\000\040\000A\000n\000a\000l\000y\000t\000i\000c\000\040\000B\000l\000i\000n\000d\000\040\000S\000p\000o\000t\000s\000\040\000i\000n\000\040\000I\000R\000\040\000S\000c\000h\000o\000l\000a\000r\000s\000h\000i\000p}{section.7}% 47
\BOOKMARK [2][-]{subsection.7.14}{\376\377\000U\000S\000A\000\040\000a\000n\000d\000\040\000t\000h\000e\000\040\000F\000u\000t\000u\000r\000e\000\040\000o\000f\000\040\000L\000I\000O}{section.7}% 48
\BOOKMARK [0][-]{part.2}{\376\377\000I\000I\000\040\000S\000e\000s\000s\000i\000o\000n\000\040\0003}{}% 49
\BOOKMARK [1][-]{section.8}{\376\377\000b\000u\000e\000n\000o\000d\000e\000m\000e\000s\000q\000u\000i\000t\000a\000P\000r\000i\000n\000c\000i\000p\000l\000e\000s\000I\000n\000t\000e\000r\000n\000a\000t\000i\000o\000n\000a\000l\000P\000o\000l\000i\000t\000i\000c\000s\0002\0000\0001\0003\000\040\000I\000n\000t\000r\000o\000d\000u\000c\000t\000i\000o\000n}{part.2}% 50
\BOOKMARK [1][-]{section.9}{\376\377\000b\000u\000e\000n\000o\000d\000e\000m\000e\000s\000q\000u\000i\000t\000a\000P\000r\000i\000n\000c\000i\000p\000l\000e\000s\000I\000n\000t\000e\000r\000n\000a\000t\000i\000o\000n\000a\000l\000P\000o\000l\000i\000t\000i\000c\000s\0002\0000\0001\0003\000\040\000C\000h\000a\000p\000t\000e\000r\000\040\0001\000,\000\040\000E\000v\000a\000l\000u\000a\000t\000i\000n\000g\000\040\000A\000r\000g\000u\000m\000e\000n\000t\000s\000\040\000a\000b\000o\000u\000t\000\040\000I\000n\000t\000e\000r\000n\000a\000t\000i\000o\000n\000a\000l\000\040\000P\000o\000l\000i\000t\000i\000c\000s}{part.2}% 51
\BOOKMARK [2][-]{subsection.9.1}{\376\377\000C\000o\000n\000s\000t\000r\000u\000c\000t\000i\000n\000g\000\040\000T\000h\000e\000o\000r\000i\000e\000s}{section.9}% 52
\BOOKMARK [1][-]{section.10}{\376\377\000b\000u\000e\000n\000o\000d\000e\000m\000e\000s\000q\000u\000i\000t\000a\000P\000r\000i\000n\000c\000i\000p\000l\000e\000s\000I\000n\000t\000e\000r\000n\000a\000t\000i\000o\000n\000a\000l\000P\000o\000l\000i\000t\000i\000c\000s\0002\0000\0001\0003\000\040\000C\000h\000a\000p\000t\000e\000r\000\040\0002\000,\000\040\000T\000h\000e\000\040\000S\000t\000r\000a\000t\000e\000g\000i\000c\000\040\000P\000e\000r\000s\000p\000e\000c\000t\000i\000v\000e}{part.2}% 53
\BOOKMARK [2][-]{subsection.10.1}{\376\377\000I\000n\000t\000e\000r\000n\000a\000t\000i\000o\000n\000a\000l\000\040\000P\000o\000l\000i\000t\000i\000c\000s\000:\000\040\000D\000o\000m\000e\000s\000t\000i\000c\000\040\000P\000o\000l\000i\000t\000i\000c\000s\000\040\000w\000i\000t\000h\000\040\000a\000\040\000T\000w\000i\000s\000t}{section.10}% 54
\BOOKMARK [2][-]{subsection.10.2}{\376\377\000S\000e\000l\000e\000c\000t\000o\000r\000a\000t\000e\000\040\000T\000h\000e\000o\000r\000y}{section.10}% 55
\BOOKMARK [2][-]{subsection.10.3}{\376\377\000P\000u\000b\000l\000i\000c\000\040\000a\000n\000d\000\040\000P\000r\000i\000v\000a\000t\000e\000\040\000G\000o\000o\000d\000s\000:\000\040\000W\000h\000o\000\040\000G\000e\000t\000s\000\040\000R\000e\000w\000a\000r\000d\000e\000d\000\040\000a\000s\000\040\000W\000\040\000a\000n\000d\000\040\000S\000\040\000C\000h\000a\000n\000g\000e\000?}{section.10}% 56
\BOOKMARK [0][-]{part.3}{\376\377\000I\000I\000I\000\040\000S\000e\000s\000s\000i\000o\000n\000\040\0004}{}% 57
\BOOKMARK [1][-]{section.11}{\376\377\000T\000w\000o\000\040\000C\000h\000e\000e\000r\000s\000\040\000f\000o\000r\000\040\000B\000a\000r\000g\000a\000i\000n\000i\000n\000g\000\040\000T\000h\000e\000o\000r\000y\000\040\000D\000a\000v\000i\000d\000\040\000A\000.\000\040\000L\000a\000k\000e}{part.3}% 58
\BOOKMARK [2][-]{subsection.11.1}{\376\377\000T\000h\000e\000\040\000B\000a\000r\000g\000a\000i\000n\000i\000n\000g\000\040\000T\000h\000e\000o\000r\000y\000\040\000o\000f\000\040\000W\000a\000r}{section.11}% 59
\BOOKMARK [2][-]{subsection.11.2}{\376\377\000B\000a\000r\000g\000a\000i\000n\000i\000n\000g\000\040\000a\000n\000d\000\040\000t\000h\000e\000\040\000C\000o\000s\000t\000s\000\040\000o\000f\000\040\000t\000h\000e\000\040\000I\000r\000a\000q\000\040\000W\000a\000r}{section.11}% 60
\BOOKMARK [2][-]{subsection.11.3}{\376\377\000T\000h\000e\000\040\000P\000r\000o\000b\000l\000e\000m\000\040\000o\000f\000\040\000C\000r\000e\000d\000i\000b\000l\000e\000\040\000C\000o\000m\000m\000i\000t\000m\000e\000n\000t}{section.11}% 61
\BOOKMARK [2][-]{subsection.11.4}{\376\377\000I\000n\000f\000o\000r\000m\000a\000t\000i\000o\000n\000\040\000A\000s\000y\000m\000m\000e\000t\000r\000i\000e\000s\000\040\000i\000n\000\040\000t\000h\000e\000\040\000U\000n\000i\000t\000e\000d\000\040\000S\000t\000a\000t\000e\000s\000\040\000a\000n\000d\000\040\000I\000r\000a\000q}{section.11}% 62
\BOOKMARK [2][-]{subsection.11.5}{\376\377\000P\000o\000s\000t\000w\000a\000r\000\040\000G\000o\000v\000e\000r\000n\000a\000n\000c\000e\000\040\000C\000o\000s\000t\000s}{section.11}% 63
\BOOKMARK [2][-]{subsection.11.6}{\376\377\000D\000o\000m\000e\000s\000t\000i\000c\000\040\000P\000o\000l\000i\000t\000i\000c\000s\000\040\000a\000n\000d\000\040\000W\000a\000r}{section.11}% 64
\BOOKMARK [2][-]{subsection.11.7}{\376\377\000A\000n\000a\000l\000y\000t\000i\000c\000\040\000L\000e\000s\000s\000o\000n\000s\000\040\000L\000e\000a\000r\000n\000e\000d\000:\000\040\000T\000o\000w\000a\000r\000d\000\040\000a\000\040\000B\000e\000h\000a\000v\000i\000o\000r\000a\000l\000\040\000T\000h\000e\000o\000r\000y\000\040\000o\000f\000\040\000W\000a\000r}{section.11}% 65
\BOOKMARK [2][-]{subsection.11.8}{\376\377\000W\000h\000a\000t\000\040\000o\000r\000\040\000W\000h\000o\000\040\000F\000a\000i\000l\000e\000d\000?\000\040\000P\000o\000l\000i\000c\000y\000\040\000L\000e\000s\000s\000o\000n\000s\000\040\000f\000r\000o\000m\000\040\000t\000h\000e\000\040\000I\000r\000a\000q\000\040\000W\000a\000r}{section.11}% 66
\BOOKMARK [2][-]{subsection.11.9}{\376\377\000C\000o\000n\000c\000l\000u\000s\000i\000o\000n}{section.11}% 67
\BOOKMARK [1][-]{section.12}{\376\377\000J\000a\000m\000e\000s\000\040\000D\000.\000\040\000F\000e\000a\000r\000o\000n\000\040\040\023\000\040\000R\000a\000t\000i\000o\000n\000a\000l\000i\000s\000t\000\040\000E\000x\000p\000l\000a\000n\000a\000t\000i\000o\000n\000s\000\040\000f\000o\000r\000\040\000W\000a\000r}{part.3}% 68
\BOOKMARK [2][-]{subsection.12.1}{\376\377\000C\000e\000n\000t\000r\000a\000l\000\040\000P\000u\000z\000z\000l\000e\000\040\000a\000n\000d\000\040\000t\000h\000e\000\040\000B\000a\000r\000g\000a\000i\000n\000i\000n\000g\000\040\000F\000r\000a\000m\000e\000w\000o\000r\000k}{section.12}% 69
\BOOKMARK [2][-]{subsection.12.2}{\376\377\000W\000h\000y\000\040\000S\000t\000a\000n\000d\000a\000r\000d\000\040\000R\000a\000t\000i\000o\000n\000a\000l\000i\000s\000t\000\040\000A\000r\000g\000u\000m\000e\000n\000t\000s\000\040\000A\000r\000e\000\040\000I\000n\000c\000o\000m\000p\000l\000e\000t\000e}{section.12}% 70
\BOOKMARK [2][-]{subsection.12.3}{\376\377\000P\000r\000i\000v\000a\000t\000e\000\040\000I\000n\000f\000o\000r\000m\000a\000t\000i\000o\000n\000\040\000a\000n\000d\000\040\000I\000n\000c\000e\000n\000t\000i\000v\000e\000s\000\040\000t\000o\000\040\000M\000i\000s\000r\000e\000p\000r\000e\000s\000e\000n\000t}{section.12}% 71
\BOOKMARK [1][-]{section.13}{\376\377\000J\000a\000m\000e\000s\000\040\000D\000.\000\040\000F\000e\000a\000r\000o\000n\000\040\040\023\000\040\000R\000a\000t\000i\000o\000n\000a\000l\000i\000s\000t\000\040\000E\000x\000p\000l\000a\000n\000a\000t\000i\000o\000n\000s\000\040\000f\000o\000r\000\040\000W\000a\000r}{part.3}% 72
\BOOKMARK [2][-]{subsection.13.1}{\376\377\000T\000h\000e\000\040\000c\000e\000n\000t\000r\000a\000l\000\040\000p\000u\000z\000z\000l\000e\000\040\000a\000n\000d\000\040\000F\000e\000a\000r\000o\000n\000'\000s\000\040\000o\000b\000j\000e\000c\000t\000i\000v\000e}{section.13}% 73
\BOOKMARK [2][-]{subsection.13.2}{\376\377\000W\000a\000r\000\040\000a\000s\000\040\000a\000\040\000b\000a\000r\000g\000a\000i\000n\000i\000n\000g\000\040\000f\000a\000i\000l\000u\000r\000e}{section.13}% 74
\BOOKMARK [2][-]{subsection.13.3}{\376\377\000W\000h\000y\000\040\000s\000t\000a\000n\000d\000a\000r\000d\000\040\000e\000x\000p\000l\000a\000n\000a\000t\000i\000o\000n\000s\000\040\000a\000r\000e\000\040\000i\000n\000s\000u\000f\000f\000i\000c\000i\000e\000n\000t}{section.13}% 75
\BOOKMARK [2][-]{subsection.13.4}{\376\377\000I\000s\000s\000u\000e\000\040\000i\000n\000d\000i\000v\000i\000s\000i\000b\000i\000l\000i\000t\000y}{section.13}% 76
\BOOKMARK [2][-]{subsection.13.5}{\376\377\000P\000r\000i\000v\000a\000t\000e\000\040\000i\000n\000f\000o\000r\000m\000a\000t\000i\000o\000n\000\040\000a\000n\000d\000\040\000i\000n\000c\000e\000n\000t\000i\000v\000e\000s\000\040\000t\000o\000\040\000m\000i\000s\000r\000e\000p\000r\000e\000s\000e\000n\000t}{section.13}% 77
\BOOKMARK [2][-]{subsection.13.6}{\376\377\000C\000o\000m\000m\000i\000t\000m\000e\000n\000t\000\040\000p\000r\000o\000b\000l\000e\000m\000s}{section.13}% 78
\BOOKMARK [2][-]{subsection.13.7}{\376\377\000C\000o\000n\000c\000l\000u\000s\000i\000o\000n\000\040\000a\000n\000d\000\040\000i\000m\000p\000l\000i\000c\000a\000t\000i\000o\000n\000s}{section.13}% 79
\BOOKMARK [1][-]{section.14}{\376\377\000R\000o\000b\000e\000r\000t\000\040\000P\000o\000w\000e\000l\000l\000\040\040\023\000\040\000T\000h\000e\000\040\000I\000n\000e\000f\000f\000i\000c\000i\000e\000n\000t\000\040\000U\000s\000e\000\040\000o\000f\000\040\000P\000o\000w\000e\000r\000:\000\040\000C\000o\000s\000t\000l\000y\000\040\000C\000o\000n\000f\000l\000i\000c\000t\000\040\000w\000i\000t\000h\000\040\000C\000o\000m\000p\000l\000e\000t\000e\000\040\000I\000n\000f\000o\000r\000m\000a\000t\000i\000o\000n}{part.3}% 80
\BOOKMARK [2][-]{subsection.14.1}{\376\377\000T\000h\000e\000\040\000I\000n\000e\000f\000f\000i\000c\000i\000e\000n\000c\000y\000\040\000P\000u\000z\000z\000l\000e}{section.14}% 81
\BOOKMARK [2][-]{subsection.14.2}{\376\377\000A\000\040\000C\000o\000m\000m\000o\000n\000\040\000C\000o\000m\000m\000i\000t\000m\000e\000n\000t\000\040\000P\000r\000o\000b\000l\000e\000m\000\040\000A\000c\000r\000o\000s\000s\000\040\000P\000o\000l\000i\000t\000i\000c\000a\000l\000\040\000S\000e\000t\000t\000i\000n\000g\000s}{section.14}% 82
\BOOKMARK [2][-]{subsection.14.3}{\376\377\000T\000h\000e\000\040\000G\000e\000n\000e\000r\000a\000l\000\040\000M\000e\000c\000h\000a\000n\000i\000s\000m\000:\000\040\000S\000h\000i\000f\000t\000s\000\040\000i\000n\000\040\000B\000a\000r\000g\000a\000i\000n\000i\000n\000g\000\040\000P\000o\000w\000e\000r}{section.14}% 83
\BOOKMARK [2][-]{subsection.14.4}{\376\377\000T\000h\000e\000\040\000I\000n\000e\000f\000f\000i\000c\000i\000e\000n\000c\000y\000\040\000C\000o\000n\000d\000i\000t\000i\000o\000n}{section.14}% 84
\BOOKMARK [2][-]{subsection.14.5}{\376\377\000S\000t\000a\000b\000l\000e\000\040\000E\000n\000v\000i\000r\000o\000n\000m\000e\000n\000t\000s\000\040\000a\000n\000d\000\040\000t\000h\000e\000\040\000B\000r\000o\000a\000d\000e\000r\000\040\000C\000o\000n\000t\000r\000i\000b\000u\000t\000i\000o\000n}{section.14}% 85
\BOOKMARK [1][-]{section.15}{\376\377\000S\000e\000c\000h\000s\000e\000r\000\040\000\046\000\040\000F\000u\000h\000r\000m\000a\000n\000n\000\040\040\023\000\040\000C\000r\000i\000s\000i\000s\000\040\000B\000a\000r\000g\000a\000i\000n\000i\000n\000g\000\040\000a\000n\000d\000\040\000N\000u\000c\000l\000e\000a\000r\000\040\000B\000l\000a\000c\000k\000m\000a\000i\000l}{part.3}% 86
\BOOKMARK [2][-]{subsection.15.1}{\376\377\000R\000e\000s\000e\000a\000r\000c\000h\000\040\000Q\000u\000e\000s\000t\000i\000o\000n\000\040\000a\000n\000d\000\040\000M\000a\000i\000n\000\040\000A\000r\000g\000u\000m\000e\000n\000t}{section.15}% 87
\BOOKMARK [2][-]{subsection.15.2}{\376\377\000W\000h\000y\000\040\000N\000u\000c\000l\000e\000a\000r\000\040\000W\000e\000a\000p\000o\000n\000s\000\040\000A\000r\000e\000\040\000W\000e\000a\000k\000\040\000C\000o\000m\000p\000e\000l\000l\000e\000n\000t\000\040\000T\000o\000o\000l\000s}{section.15}% 88
\BOOKMARK [2][-]{subsection.15.3}{\376\377\000P\000r\000o\000b\000l\000e\000m\000s\000\040\000i\000n\000\040\000E\000a\000r\000l\000i\000e\000r\000\040\000R\000e\000s\000e\000a\000r\000c\000h}{section.15}% 89
\BOOKMARK [2][-]{subsection.15.4}{\376\377\000R\000e\000s\000e\000a\000r\000c\000h\000\040\000D\000e\000s\000i\000g\000n\000\040\000a\000n\000d\000\040\000M\000e\000a\000s\000u\000r\000e\000m\000e\000n\000t}{section.15}% 90
\BOOKMARK [2][-]{subsection.15.5}{\376\377\000E\000m\000p\000i\000r\000i\000c\000a\000l\000\040\000F\000i\000n\000d\000i\000n\000g\000s}{section.15}% 91
\BOOKMARK [2][-]{subsection.15.6}{\376\377\000L\000i\000m\000i\000t\000a\000t\000i\000o\000n\000s\000,\000\040\000I\000m\000p\000l\000i\000c\000a\000t\000i\000o\000n\000s\000,\000\040\000a\000n\000d\000\040\000C\000o\000n\000c\000l\000u\000s\000i\000o\000n}{section.15}% 92
\BOOKMARK [0][-]{part.4}{\376\377\000I\000V\000\040\000S\000e\000s\000s\000i\000o\000n\000\040\0005}{}% 93
\BOOKMARK [1][-]{section.16}{\376\377\000B\000u\000e\000n\000o\000\040\000d\000e\000\040\000M\000e\000s\000q\000u\000i\000t\000a\000,\000\040\0002\0000\0001\0003\000\040\000C\000h\000a\000p\000t\000e\000r\000\040\0006\000,\000\040\000D\000o\000m\000e\000s\000t\000i\000c\000\040\000T\000h\000e\000o\000r\000i\000e\000s\000\040\000o\000f\000\040\000W\000a\000r}{part.4}% 94
\BOOKMARK [2][-]{subsection.16.1}{\376\377\000T\000h\000e\000\040\000D\000o\000m\000e\000s\000t\000i\000c\000\040\000P\000o\000l\000i\000t\000i\000c\000s\000\040\000o\000f\000\040\000I\000n\000t\000e\000r\000n\000a\000t\000i\000o\000n\000a\000l\000\040\000C\000r\000i\000s\000e\000s}{section.16}% 95
\BOOKMARK [2][-]{subsection.16.2}{\376\377\000E\000x\000-